2026/08/24 01:58:34 Cache Hit
2026/08/24 01:58:34 Server Started at 7378
2026/08/24 01:58:34 Starting pprof on :6060
2026/08/24 01:58:34 Started the expiry go routine
2026/08/24 01:58:36 [SET dl:1 v1]
2026/08/24 01:58:36 [SET dl:2 v2]
2026/08/24 01:58:36 [SET dl:3 v3]
2026/08/24 01:58:36 [SET dl:4 v4]
2026/08/24 01:58:36 [SET dl:5 v5]
2026/08/24 01:58:36 [SET dl:6 v6]
2026/08/24 01:58:36 [SET dl:7 v7]
2026/08/24 01:58:36 [SET dl:8 v8]
2026/08/24 01:58:36 [SET dl:9 v9]
2026/08/24 01:58:36 [SET dl:10 v10]
2026/08/24 01:58:36 [SET dl:11 v11]
2026/08/24 01:58:36 [SET dl:12 v12]
2026/08/24 01:58:36 [SET dl:13 v13]
2026/08/24 01:58:36 [SET dl:14 v14]
2026/08/24 01:58:36 [SET dl:15 v15]
2026/08/24 01:58:36 [SET dl:16 v16]
2026/08/24 01:58:36 [SET dl:17 v17]
2026/08/24 01:58:36 [SET dl:18 v18]
2026/08/24 01:58:36 [SET dl:19 v19]
2026/08/24 01:58:36 [SET dl:20 v20]
2026/08/24 01:58:36 [SET dl:21 v21]
2026/08/24 01:58:36 [SET dl:22 v22]
2026/08/24 01:58:36 [SET dl:23 v23]
2026/08/24 01:58:36 [SET dl:24 v24]
2026/08/24 01:58:36 [SET dl:25 v25]
2026/08/24 01:58:36 [SET dl:26 v26]
2026/08/24 01:58:36 [SET dl:27 v27]
2026/08/24 01:58:36 [SET dl:28 v28]
2026/08/24 01:58:36 [SET dl:29 v29]
2026/08/24 01:58:36 [SET dl:30 v30]
2026/08/24 01:58:36 [SET dl:31 v31]
2026/08/24 01:58:36 [SET dl:32 v32]
2026/08/24 01:58:36 [SET dl:33 v33]
2026/08/24 01:58:36 [SET dl:34 v34]
2026/08/24 01:58:36 [SET dl:35 v35]
2026/08/24 01:58:36 [SET dl:36 v36]
2026/08/24 01:58:36 [SET dl:37 v37]
2026/08/24 01:58:36 [SET dl:38 v38]
2026/08/24 01:58:36 [SET dl:39 v39]
2026/08/24 01:58:36 [SET dl:40 v40]
2026/08/24 01:58:36 [SET dl:41 v41]
2026/08/24 01:58:36 [SET dl:42 v42]
2026/08/24 01:58:36 [SET dl:43 v43]
2026/08/24 01:58:36 [SET dl:44 v44]
2026/08/24 01:58:36 [SET dl:45 v45]
2026/08/24 01:58:36 [SET dl:46 v46]
2026/08/24 01:58:36 [SET dl:47 v47]
2026/08/24 01:58:36 [SET dl:48 v48]
2026/08/24 01:58:36 [SET dl:49 v49]
2026/08/24 01:58:36 [SET dl:50 v50]
2026/08/24 01:58:36 [SET dl:51 v51]
2026/08/24 01:58:36 [SET dl:52 v52]
2026/08/24 01:58:36 [SET dl:53 v53]
2026/08/24 01:58:36 [SET dl:54 v54]
2026/08/24 01:58:36 [SET dl:55 v55]
2026/08/24 01:58:36 [SET dl:56 v56]
2026/08/24 01:58:36 [SET dl:57 v57]
2026/08/24 01:58:36 [SET dl:58 v58]
2026/08/24 01:58:36 [SET dl:59 v59]
2026/08/24 01:58:36 [SET dl:60 v60]
2026/08/24 01:58:36 [SET dl:61 v61]
2026/08/24 01:58:36 [SET dl:62 v62]
2026/08/24 01:58:36 [SET dl:63 v63]
2026/08/24 01:58:36 [SET dl:64 v64]
2026/08/24 01:58:36 [SET dl:65 v65]
2026/08/24 01:58:36 [SET dl:66 v66]
2026/08/24 01:58:36 [SET dl:67 v67]
2026/08/24 01:58:36 [SET dl:68 v68]
2026/08/24 01:58:36 [SET dl:69 v69]
2026/08/24 01:58:36 [SET dl:70 v70]
2026/08/24 01:58:36 [SET dl:71 v71]
2026/08/24 01:58:36 [SET dl:72 v72]
2026/08/24 01:58:36 [SET dl:73 v73]
2026/08/24 01:58:36 [SET dl:74 v74]
2026/08/24 01:58:36 [SET dl:75 v75]
2026/08/24 01:58:36 [SET dl:76 v76]
2026/08/24 01:58:36 [SET dl:77 v77]
2026/08/24 01:58:36 [SET dl:78 v78]
2026/08/24 01:58:36 [SET dl:79 v79]
2026/08/24 01:58:36 [SET dl:80 v80]
2026/08/24 01:58:36 [SET dl:81 v81]
2026/08/24 01:58:36 [SET dl:82 v82]
2026/08/24 01:58:36 [SET dl:83 v83]
2026/08/24 01:58:36 [SET dl:84 v84]
2026/08/24 01:58:36 [SET dl:85 v85]
2026/08/24 01:58:36 [SET dl:86 v86]
2026/08/24 01:58:36 [SET dl:87 v87]
2026/08/24 01:58:36 [SET dl:88 v88]
2026/08/24 01:58:36 [SET dl:89 v89]
2026/08/24 01:58:36 [SET dl:90 v90]
2026/08/24 01:58:36 [SET dl:91 v91]
2026/08/24 01:58:36 [SET dl:92 v92]
2026/08/24 01:58:36 [SET dl:93 v93]
2026/08/24 01:58:36 [SET dl:94 v94]
2026/08/24 01:58:36 [SET dl:95 v95]
2026/08/24 01:58:36 [SET dl:96 v96]
2026/08/24 01:58:36 [SET dl:97 v97]
2026/08/24 01:58:36 [SET dl:98 v98]
2026/08/24 01:58:36 [SET dl:99 v99]
2026/08/24 01:58:36 [SET dl:100 v100]
2026/08/24 01:58:36 [SET dl:101 v101]
2026/08/24 01:58:36 [SET dl:102 v102]
2026/08/24 01:58:36 [SET dl:103 v103]
2026/08/24 01:58:36 [SET dl:104 v104]
2026/08/24 01:58:36 [SET dl:105 v105]
2026/08/24 01:58:36 [SET dl:106 v106]
2026/08/24 01:58:36 [SET dl:107 v107]
2026/08/24 01:58:36 [SET dl:108 v108]
2026/08/24 01:58:36 [SET dl:109 v109]
2026/08/24 01:58:36 [SET dl:110 v110]
2026/08/24 01:58:36 [SET dl:111 v111]
2026/08/24 01:58:36 [SET dl:112 v112]
2026/08/24 01:58:36 [SET dl:113 v113]
2026/08/24 01:58:36 [SET dl:114 v114]
2026/08/24 01:58:36 [SET dl:115 v115]
2026/08/24 01:58:36 [SET dl:116 v116]
2026/08/24 01:58:36 [SET dl:117 v117]
2026/08/24 01:58:36 [SET dl:118 v118]
2026/08/24 01:58:36 [SET dl:119 v119]
2026/08/24 01:58:36 [SET dl:120 v120]
2026/08/24 01:58:36 [SET dl:121 v121]
2026/08/24 01:58:36 [SET dl:122 v122]
2026/08/24 01:58:36 [SET dl:123 v123]
2026/08/24 01:58:36 [SET dl:124 v124]
2026/08/24 01:58:36 [SET dl:125 v125]
2026/08/24 01:58:36 [SET dl:126 v126]
2026/08/24 01:58:36 [SET dl:127 v127]
2026/08/24 01:58:36 [SET dl:128 v128]
2026/08/24 01:58:36 [SET dl:129 v129]
2026/08/24 01:58:36 [SET dl:130 v130]
2026/08/24 01:58:36 [SET dl:131 v131]
2026/08/24 01:58:36 [SET dl:132 v132]
2026/08/24 01:58:36 [SET dl:133 v133]
2026/08/24 01:58:36 [SET dl:134 v134]
2026/08/24 01:58:36 [SET dl:135 v135]
2026/08/24 01:58:36 [SET dl:136 v136]
2026/08/24 01:58:36 [SET dl:137 v137]
2026/08/24 01:58:36 [SET dl:138 v138]
2026/08/24 01:58:36 [SET dl:139 v139]
2026/08/24 01:58:36 [SET dl:140 v140]
2026/08/24 01:58:36 [SET dl:141 v141]
2026/08/24 01:58:36 [SET dl:142 v142]
2026/08/24 01:58:36 [SET dl:143 v143]
2026/08/24 01:58:36 [SET dl:144 v144]
2026/08/24 01:58:36 [SET dl:145 v145]
2026/08/24 01:58:36 [SET dl:146 v146]
2026/08/24 01:58:36 [SET dl:147 v147]
2026/08/24 01:58:36 [SET dl:148 v148]
2026/08/24 01:58:36 [SET dl:149 v149]
2026/08/24 01:58:36 [SET dl:150 v150]
2026/08/24 01:58:36 [SET dl:151 v151]
2026/08/24 01:58:36 [SET dl:152 v152]
2026/08/24 01:58:36 [SET dl:153 v153]
2026/08/24 01:58:36 [SET dl:154 v154]
2026/08/24 01:58:36 [SET dl:155 v155]
2026/08/24 01:58:36 [SET dl:156 v156]
2026/08/24 01:58:36 [SET dl:157 v157]
2026/08/24 01:58:36 [SET dl:158 v158]
2026/08/24 01:58:36 [SET dl:159 v159]
2026/08/24 01:58:36 [SET dl:160 v160]
2026/08/24 01:58:36 [SET dl:161 v161]
2026/08/24 01:58:36 [SET dl:162 v162]
2026/08/24 01:58:36 [SET dl:163 v163]
2026/08/24 01:58:36 [SET dl:164 v164]
2026/08/24 01:58:36 [SET dl:165 v165]
2026/08/24 01:58:36 [SET dl:166 v166]
2026/08/24 01:58:36 [SET dl:167 v167]
2026/08/24 01:58:36 [SET dl:168 v168]
2026/08/24 01:58:36 [SET dl:169 v169]
2026/08/24 01:58:36 [SET dl:170 v170]
2026/08/24 01:58:36 [SET dl:171 v171]
2026/08/24 01:58:36 [SET dl:172 v172]
2026/08/24 01:58:36 [SET dl:173 v173]
2026/08/24 01:58:36 [SET dl:174 v174]
2026/08/24 01:58:36 [SET dl:175 v175]
2026/08/24 01:58:36 [SET dl:176 v176]
2026/08/24 01:58:36 [SET dl:177 v177]
2026/08/24 01:58:36 [SET dl:178 v178]
2026/08/24 01:58:36 [SET dl:179 v179]
2026/08/24 01:58:36 [SET dl:180 v180]
2026/08/24 01:58:36 [SET dl:181 v181]
2026/08/24 01:58:36 [SET dl:182 v182]
2026/08/24 01:58:36 [SET dl:183 v183]
2026/08/24 01:58:36 [SET dl:184 v184]
2026/08/24 01:58:36 [SET dl:185 v185]
2026/08/24 01:58:36 [SET dl:186 v186]
2026/08/24 01:58:36 [SET dl:187 v187]
2026/08/24 01:58:36 [SET dl:188 v188]
2026/08/24 01:58:36 [SET dl:189 v189]
2026/08/24 01:58:36 [SET dl:190 v190]
2026/08/24 01:58:36 [SET dl:191 v191]
2026/08/24 01:58:36 [SET dl:192 v192]
2026/08/24 01:58:36 [SET dl:193 v193]
2026/08/24 01:58:36 [SET dl:194 v194]
2026/08/24 01:58:36 [SET dl:195 v195]
2026/08/24 01:58:36 [SET dl:196 v196]
2026/08/24 01:58:36 [SET dl:197 v197]
2026/08/24 01:58:36 [SET dl:198 v198]
2026/08/24 01:58:36 [SET dl:199 v199]
2026/08/24 01:58:36 [SET dl:200 v200]
2026/08/24 01:58:36 [SET dl:201 v201]
