2026/08/24 01:53:58 Cache Hit
2026/08/24 01:53:58 Successfully loaded AOF file. Store populated.
2026/08/24 01:53:58 Server Started at 7378
2026/08/24 01:53:58 Starting pprof on :6060
2026/08/24 01:53:58 Started the expiry go routine
2026/08/24 01:53:59 [PING]
2026/08/24 01:53:59 +PONG

2026/08/24 01:53:59 [PING]
2026/08/24 01:53:59 +PONG

2026/08/24 01:53:59 [PING]
2026/08/24 01:53:59 +PONG

2026/08/24 01:53:59 [PING]
2026/08/24 01:53:59 +PONG

2026/08/24 01:53:59 [PING]
2026/08/24 01:53:59 +PONG

2026/08/24 01:53:59 [PING]
2026/08/24 01:53:59 +PONG

2026/08/24 01:53:59 [PING]
2026/08/24 01:53:59 +PONG

2026/08/24 01:53:59 [PING]
2026/08/24 01:53:59 +PONG

2026/08/24 01:53:59 [PING]
2026/08/24 01:53:59 +PONG

2026/08/24 01:53:59 [PING]
2026/08/24 01:53:59 +PONG

2026/08/24 01:53:59 [PING]
2026/08/24 01:53:59 +PONG

2026/08/24 01:53:59 [PING]
2026/08/24 01:53:59 +PONG

2026/08/24 01:53:59 [PING]
2026/08/24 01:53:59 +PONG

2026/08/24 01:53:59 [PING]
2026/08/24 01:53:59 +PONG

2026/08/24 01:53:59 [PING]
2026/08/24 01:53:59 +PONG

2026/08/24 01:53:59 [PING]
2026/08/24 01:53:59 +PONG

2026/08/24 01:53:59 [PING]
2026/08/24 01:53:59 +PONG

2026/08/24 01:53:59 [PING]
2026/08/24 01:53:59 +PONG

2026/08/24 01:53:59 [PING]
2026/08/24 01:53:59 +PONG

2026/08/24 01:53:59 [PING]
2026/08/24 01:53:59 +PONG

2026/08/24 01:53:59 [PING]
2026/08/24 01:53:59 +PONG

2026/08/24 01:53:59 [PING]
2026/08/24 01:53:59 +PONG

2026/08/24 01:53:59 [PING]
2026/08/24 01:53:59 +PONG

2026/08/24 01:53:59 [PING]
2026/08/24 01:53:59 +PONG

2026/08/24 01:53:59 [PING]
2026/08/24 01:53:59 +PONG

2026/08/24 01:53:59 [PING]
2026/08/24 01:53:59 +PONG

2026/08/24 01:53:59 [PING]
2026/08/24 01:53:59 +PONG

2026/08/24 01:53:59 [PING]
2026/08/24 01:53:59 +PONG

2026/08/24 01:53:59 [PING]
2026/08/24 01:53:59 +PONG

2026/08/24 01:53:59 [PING]
2026/08/24 01:53:59 +PONG

2026/08/24 01:53:59 [PING]
2026/08/24 01:53:59 +PONG

2026/08/24 01:53:59 [PING]
2026/08/24 01:53:59 +PONG

2026/08/24 01:53:59 [PING]
2026/08/24 01:53:59 +PONG

2026/08/24 01:53:59 [PING]
2026/08/24 01:53:59 +PONG

2026/08/24 01:53:59 [PING]
2026/08/24 01:53:59 +PONG

2026/08/24 01:53:59 [PING]
2026/08/24 01:53:59 +PONG

2026/08/24 01:53:59 [PING]
2026/08/24 01:53:59 +PONG

2026/08/24 01:53:59 [PING]
2026/08/24 01:53:59 +PONG

2026/08/24 01:53:59 [PING]
2026/08/24 01:53:59 +PONG

2026/08/24 01:53:59 [PING]
2026/08/24 01:53:59 +PONG

2026/08/24 01:53:59 [PING]
2026/08/24 01:53:59 +PONG

2026/08/24 01:53:59 [PING]
2026/08/24 01:53:59 +PONG

2026/08/24 01:53:59 [PING]
2026/08/24 01:53:59 +PONG

2026/08/24 01:53:59 [PING]
2026/08/24 01:53:59 +PONG

2026/08/24 01:53:59 [PING]
2026/08/24 01:53:59 +PONG

2026/08/24 01:53:59 [PING]
2026/08/24 01:53:59 +PONG

2026/08/24 01:53:59 [PING]
2026/08/24 01:53:59 +PONG

2026/08/24 01:53:59 [PING]
2026/08/24 01:53:59 +PONG

2026/08/24 01:53:59 [PING]
2026/08/24 01:53:59 +PONG

2026/08/24 01:53:59 [PING]
2026/08/24 01:53:59 +PONG

2026/08/24 01:53:59 [PING]
2026/08/24 01:53:59 +PONG

2026/08/24 01:53:59 [PING]
2026/08/24 01:53:59 +PONG

2026/08/24 01:53:59 [PING]
2026/08/24 01:53:59 +PONG

2026/08/24 01:53:59 [PING]
2026/08/24 01:53:59 +PONG

2026/08/24 01:53:59 [PING]
2026/08/24 01:53:59 +PONG

2026/08/24 01:53:59 [PING]
2026/08/24 01:53:59 +PONG

2026/08/24 01:53:59 [PING]
2026/08/24 01:53:59 +PONG

2026/08/24 01:53:59 [PING]
2026/08/24 01:53:59 +PONG

2026/08/24 01:53:59 [PING]
2026/08/24 01:53:59 +PONG

2026/08/24 01:53:59 [PING]
2026/08/24 01:53:59 +PONG

2026/08/24 01:53:59 [PING]
2026/08/24 01:53:59 +PONG

2026/08/24 01:53:59 [PING]
2026/08/24 01:53:59 +PONG

2026/08/24 01:53:59 [PING]
2026/08/24 01:53:59 +PONG

2026/08/24 01:53:59 [PING]
2026/08/24 01:53:59 +PONG

2026/08/24 01:53:59 [PING]
2026/08/24 01:53:59 +PONG

2026/08/24 01:53:59 [PING]
2026/08/24 01:53:59 +PONG

2026/08/24 01:53:59 [PING]
2026/08/24 01:53:59 +PONG

2026/08/24 01:53:59 [PING]
2026/08/24 01:53:59 +PONG

2026/08/24 01:53:59 [PING]
2026/08/24 01:53:59 +PONG

2026/08/24 01:53:59 [PING]
2026/08/24 01:53:59 +PONG

2026/08/24 01:53:59 [PING]
2026/08/24 01:53:59 +PONG

2026/08/24 01:53:59 [PING]
2026/08/24 01:53:59 +PONG

2026/08/24 01:53:59 [PING]
2026/08/24 01:53:59 +PONG

2026/08/24 01:53:59 [PING]
2026/08/24 01:53:59 +PONG

2026/08/24 01:53:59 [PING]
2026/08/24 01:53:59 +PONG

2026/08/24 01:53:59 [PING]
2026/08/24 01:53:59 +PONG

2026/08/24 01:53:59 [PING]
2026/08/24 01:53:59 +PONG

2026/08/24 01:53:59 [PING]
2026/08/24 01:53:59 +PONG

2026/08/24 01:53:59 [PING]
2026/08/24 01:53:59 +PONG

2026/08/24 01:53:59 [PING]
2026/08/24 01:53:59 +PONG

2026/08/24 01:53:59 [PING]
2026/08/24 01:53:59 +PONG

2026/08/24 01:53:59 [PING]
2026/08/24 01:53:59 +PONG

2026/08/24 01:53:59 [PING]
2026/08/24 01:53:59 +PONG

2026/08/24 01:53:59 [PING]
2026/08/24 01:53:59 +PONG

2026/08/24 01:53:59 [PING]
2026/08/24 01:53:59 +PONG

2026/08/24 01:53:59 [PING]
2026/08/24 01:53:59 +PONG

2026/08/24 01:53:59 [PING]
2026/08/24 01:53:59 +PONG

2026/08/24 01:53:59 [PING]
2026/08/24 01:53:59 +PONG

2026/08/24 01:53:59 [PING]
2026/08/24 01:53:59 +PONG

2026/08/24 01:53:59 [PING]
2026/08/24 01:53:59 +PONG

2026/08/24 01:53:59 [PING]
2026/08/24 01:53:59 +PONG

2026/08/24 01:53:59 [PING]
2026/08/24 01:53:59 +PONG

2026/08/24 01:53:59 [PING]
2026/08/24 01:53:59 +PONG

2026/08/24 01:53:59 [PING]
2026/08/24 01:53:59 +PONG

2026/08/24 01:53:59 [PING]
2026/08/24 01:53:59 +PONG

2026/08/24 01:53:59 [PING]
2026/08/24 01:53:59 +PONG

2026/08/24 01:53:59 [PING]
2026/08/24 01:53:59 +PONG

2026/08/24 01:53:59 [PING]
2026/08/24 01:53:59 +PONG

2026/08/24 01:53:59 [PING]
2026/08/24 01:53:59 +PONG

2026/08/24 01:53:59 [PING]
2026/08/24 01:53:59 +PONG

2026/08/24 01:53:59 [PING]
2026/08/24 01:53:59 +PONG

2026/08/24 01:53:59 [PING]
2026/08/24 01:53:59 +PONG

2026/08/24 01:53:59 [PING]
2026/08/24 01:53:59 +PONG

2026/08/24 01:53:59 [PING]
2026/08/24 01:53:59 +PONG

2026/08/24 01:53:59 [PING]
2026/08/24 01:53:59 +PONG

2026/08/24 01:53:59 [PING]
2026/08/24 01:53:59 +PONG

2026/08/24 01:53:59 [PING]
2026/08/24 01:53:59 +PONG

2026/08/24 01:53:59 [PING]
2026/08/24 01:53:59 +PONG

2026/08/24 01:53:59 [PING]
2026/08/24 01:53:59 +PONG

2026/08/24 01:53:59 [PING]
2026/08/24 01:53:59 +PONG

2026/08/24 01:53:59 [PING]
2026/08/24 01:53:59 +PONG

2026/08/24 01:53:59 [PING]
2026/08/24 01:53:59 +PONG

2026/08/24 01:53:59 [PING]
2026/08/24 01:53:59 +PONG

2026/08/24 01:53:59 [PING]
2026/08/24 01:53:59 +PONG

2026/08/24 01:53:59 [PING]
2026/08/24 01:53:59 +PONG

2026/08/24 01:53:59 [PING]
2026/08/24 01:53:59 +PONG

2026/08/24 01:53:59 [PING]
2026/08/24 01:53:59 +PONG

2026/08/24 01:53:59 [PING]
2026/08/24 01:53:59 +PONG

2026/08/24 01:53:59 [PING]
2026/08/24 01:53:59 +PONG

2026/08/24 01:53:59 [PING]
2026/08/24 01:53:59 +PONG

2026/08/24 01:53:59 [PING]
2026/08/24 01:53:59 +PONG

2026/08/24 01:53:59 [PING]
2026/08/24 01:53:59 +PONG

2026/08/24 01:53:59 [PING]
2026/08/24 01:53:59 +PONG

2026/08/24 01:53:59 [PING]
2026/08/24 01:53:59 +PONG

2026/08/24 01:53:59 [PING]
2026/08/24 01:53:59 +PONG

2026/08/24 01:53:59 [PING]
2026/08/24 01:53:59 +PONG

2026/08/24 01:53:59 [PING]
2026/08/24 01:53:59 +PONG

2026/08/24 01:53:59 [PING]
2026/08/24 01:53:59 +PONG

2026/08/24 01:53:59 [PING]
2026/08/24 01:53:59 +PONG

2026/08/24 01:53:59 [PING]
2026/08/24 01:53:59 +PONG

2026/08/24 01:53:59 [PING]
2026/08/24 01:53:59 +PONG

2026/08/24 01:53:59 [PING]
2026/08/24 01:53:59 +PONG

2026/08/24 01:53:59 [PING]
2026/08/24 01:53:59 +PONG

2026/08/24 01:54:00 interrupted system call
