2026/08/24 01:54:03 Cache Hit
2026/08/24 01:54:03 Successfully loaded AOF file. Store populated.
2026/08/24 01:54:03 Server Started at 7378
2026/08/24 01:54:03 Starting pprof on :6060
2026/08/24 01:54:03 Started the expiry go routine
2026/08/24 01:54:04 [PING]
2026/08/24 01:54:04 +PONG

2026/08/24 01:54:04 [PING]
2026/08/24 01:54:04 +PONG

2026/08/24 01:54:04 [PING]
2026/08/24 01:54:04 +PONG

2026/08/24 01:54:04 [PING]
2026/08/24 01:54:04 +PONG

2026/08/24 01:54:04 [PING]
2026/08/24 01:54:04 +PONG

2026/08/24 01:54:04 [PING]
2026/08/24 01:54:04 +PONG

2026/08/24 01:54:04 [PING]
2026/08/24 01:54:04 +PONG

2026/08/24 01:54:04 interrupted system call
